// Jest Snapshot v1, https://goo.gl/fbAQLP

exports[`Footer component should be equal Welcome Page snapshot 1`] = `
<DocumentFragment>
  <footer
    class="footer container"
  >
    <div
      class="footer__content"
    >
      <a
        class="footer__rss-link"
        href="https://rs.school/react/"
        rel="noreferrer"
        target="_blank"
      >
        <svg
          class="footer__svg"
        />
      </a>
      <a
        class="footer__gh-link"
        href="https://github.com/ForsyteRun/graphiql-app/"
        rel="noreferrer"
        target="_blank"
      >
        <svg
          class="footer__svg"
        />
      </a>
      <div
        class="footer__year-link"
      >
        <span>
          @Copyright 2023
        </span>
         
        <a
          href="/"
        >
          GraphiQL
        </a>
      </div>
    </div>
  </footer>
</DocumentFragment>
`;
