// Jest Snapshot v1, https://goo.gl/fbAQLP

exports[`main component should match snapshot 1`] = `
<DocumentFragment>
  <div
    class="container main"
  >
    <h1
      class="main__title"
    >
      GraphiQL Editor
    </h1>
    <div
      class="api"
    >
      <div
        class="api__content"
      >
        <div
          class="api__label"
        >
          API:
        </div>
        <input
          class="api__input"
          name="api"
          placeholder="введите api"
          value="https://rickandmortyapi.com/graphql"
        />
      </div>
      <div
        class="button"
      >
        Submit
      </div>
    </div>
    <div
      class="headers"
    >
      <div
        class="headers__content"
      >
        <div
          class="headers__label"
        >
          Headers:
        </div>
        <input
          class="headers__input"
          name="headers"
          value=""
        />
      </div>
      <div
        class="button"
      >
        Submit
      </div>
    </div>
    <div
      class="variables"
    >
      <div
        class="variables__content"
      >
        <div
          class="variables__label"
        >
          Variables:
        </div>
        <input
          class="variables__input"
          name="variables"
          value=""
        />
      </div>
      <div
        class="button"
      >
        Submit
      </div>
    </div>
    <div
      class="editor"
    >
      <div
        class="editor__wrapper"
      >
        <div
          class="editor__left"
        >
          <div
            class="editor__query "
          />
        </div>
        <div
          class="editor__right"
        >
          <div
            class="editor__response"
          />
        </div>
      </div>
    </div>
    <aside
      class=""
    >
      <div
        class="docs-container"
      >
        <button
          style="border: 1px solid red;"
          type="button"
        >
          Go up
        </button>
        <ul
          class="fieldSchema-container"
        />
      </div>
      <button
        class="docs-button"
        disabled=""
      >
        Docs
      </button>
    </aside>
  </div>
</DocumentFragment>
`;
