// Jest Snapshot v1, https://goo.gl/fbAQLP

exports[`Welcome Page should be equal Welcome Page snapshot 1`] = `
<DocumentFragment>
  <div
    class="welcome-container"
  >
    <div
      class="welcome-title"
    >
      <h1>
        GraphiQL is the ability to harness the full power of GraphQL
      </h1>
      <span>
        make a request to your own universe
      </span>
    </div>
    <ul
      class="welcome-list"
    >
      <li>
        Efficiency
        <span>
          :
        </span>
        <span>
          Clients get exactly the data they need, no more, no less
        </span>
      </li>
      <li>
        Flexibility
        <span>
          :
        </span>
        <span>
          Clients can request multiple resources in a single query
        </span>
      </li>
      <li>
        Versioning
        <span>
          :
        </span>
        <span>
          No need for versioning as clients have control
        </span>
      </li>
      <li>
        Strongly Typed
        <span>
          :
        </span>
        <span>
          Type checking at the query level
        </span>
      </li>
    </ul>
    <div>
      <h2
        class="ourTeam-title"
      >
        OurTeam
      </h2>
      <div
        class="ourTeam-container"
      >
        <div
          class="team"
        >
          <div
            class="team__info"
          >
            <img
              alt="Katsiaryna"
              class="team__photo"
            />
            <div
              class="team__details"
            >
              <h3
                class="team__name"
              >
                Katsiaryna
              </h3>
              <h4
                class="team__role"
              >
                Developer
              </h4>
              <a
                class="team__github"
                href="https://github.com/Katsiaryna"
                rel="noreferrer"
                target="_blank"
                title="Katsiaryna GitHub"
              >
                Katsiaryna
              </a>
              <div>
                <h4
                  class="team__contribution_title"
                >
                  Contribution
                </h4>
                <ul
                  class="team__contribution_list"
                >
                  <li>
                    JavaScript
                  </li>
                  <li>
                    Python
                  </li>
                  <li>
                    Java
                  </li>
                  <li>
                    C++
                  </li>
                  <li>
                    C#
                  </li>
                  <li>
                    TypeScript
                  </li>
                  <li>
                    Ruby
                  </li>
                  <li>
                    Swift
                  </li>
                  <li>
                    Go
                  </li>
                  <li>
                    Kotlin
                  </li>
                  <li>
                    Rust
                  </li>
                  <li>
                    PHP
                  </li>
                  <li>
                    HTML
                  </li>
                  <li>
                    CSS
                  </li>
                </ul>
              </div>
            </div>
          </div>
          <h4
            class="team__about_title"
          >
            About
          </h4>
          <p
            class="team__about"
          >
            I\`m is a Ukrainian singer, producer, and DJ known for his contributions to the pop and electronic music scenes. Born on October 17, 1988, in Chelyabinsk, Russia,
          </p>
        </div>
        <div
          class="team"
        >
          <div
            class="team__info"
          >
            <img
              alt="Forsyte Alex"
              class="team__photo"
            />
            <div
              class="team__details"
            >
              <h3
                class="team__name"
              >
                Forsyte Alex
              </h3>
              <h4
                class="team__role"
              >
                Team Lead
              </h4>
              <a
                class="team__github"
                href="https://github.com/forsyterun"
                rel="noreferrer"
                target="_blank"
                title="Forsyte Alex GitHub"
              >
                forsyterun
              </a>
              <div>
                <h4
                  class="team__contribution_title"
                >
                  Contribution
                </h4>
                <ul
                  class="team__contribution_list"
                >
                  <li>
                    JavaScript
                  </li>
                  <li>
                    Python
                  </li>
                  <li>
                    Java
                  </li>
                  <li>
                    C++
                  </li>
                  <li>
                    C#
                  </li>
                  <li>
                    TypeScript
                  </li>
                  <li>
                    Ruby
                  </li>
                  <li>
                    Swift
                  </li>
                  <li>
                    Go
                  </li>
                  <li>
                    Kotlin
                  </li>
                  <li>
                    Rust
                  </li>
                  <li>
                    PHP
                  </li>
                  <li>
                    HTML
                  </li>
                  <li>
                    CSS
                  </li>
                </ul>
              </div>
            </div>
          </div>
          <h4
            class="team__about_title"
          >
            About
          </h4>
          <p
            class="team__about"
          >
            I\`m is a Ukrainian singer, producer, and DJ known for his contributions to the pop and electronic music scenes. Born on October 17, 1988, in Chelyabinsk, Russia,
          </p>
        </div>
        <div
          class="team"
        >
          <div
            class="team__info"
          >
            <img
              alt="nyurasheva"
              class="team__photo"
            />
            <div
              class="team__details"
            >
              <h3
                class="team__name"
              >
                nyurasheva
              </h3>
              <h4
                class="team__role"
              >
                Developer
              </h4>
              <a
                class="team__github"
                href="https://github.com/nyurasheva"
                rel="noreferrer"
                target="_blank"
                title="nyurasheva GitHub"
              >
                nyurasheva
              </a>
              <div>
                <h4
                  class="team__contribution_title"
                >
                  Contribution
                </h4>
                <ul
                  class="team__contribution_list"
                >
                  <li>
                    JavaScript
                  </li>
                  <li>
                    Python
                  </li>
                  <li>
                    Java
                  </li>
                  <li>
                    C++
                  </li>
                  <li>
                    C#
                  </li>
                  <li>
                    TypeScript
                  </li>
                  <li>
                    Ruby
                  </li>
                  <li>
                    Swift
                  </li>
                  <li>
                    Go
                  </li>
                  <li>
                    Kotlin
                  </li>
                  <li>
                    Rust
                  </li>
                  <li>
                    PHP
                  </li>
                  <li>
                    HTML
                  </li>
                  <li>
                    CSS
                  </li>
                </ul>
              </div>
            </div>
          </div>
          <h4
            class="team__about_title"
          >
            About
          </h4>
          <p
            class="team__about"
          >
            I\`m is a Ukrainian singer, producer, and DJ known for his contributions to the pop and electronic music scenes. Born on October 17, 1988, in Chelyabinsk, Russia,
          </p>
        </div>
      </div>
    </div>
  </div>
</DocumentFragment>
`;
